
> messaging-app-web@1.0.0 build
> tsc && vite build

src/components/Messages/EmojiReactions.tsx(3,33): error TS2307: Cannot find module '../../store/messageStore' or its corresponding type declarations.
src/components/Messages/EmojiReactions.tsx(37,41): error TS2551: Property 'userIds' does not exist on type 'MessageReaction'. Did you mean 'user_id'?
src/components/Messages/EmojiReactions.tsx(42,73): error TS2551: Property 'userIds' does not exist on type 'MessageReaction'. Did you mean 'user_id'?
src/components/Messages/EmojiReactions.tsx(43,44): error TS2551: Property 'userIds' does not exist on type 'MessageReaction'. Did you mean 'user_id'?
src/components/Messages/EmojiReactions.tsx(46,56): error TS2339: Property 'count' does not exist on type 'MessageReaction'.
src/components/Messages/MessageInput.tsx(2,33): error TS2307: Cannot find module '../../store/messageStore' or its corresponding type declarations.
src/components/Messages/MessageItem.tsx(3,33): error TS2307: Cannot find module '../../store/messageStore' or its corresponding type declarations.
src/components/Messages/MessageItem.tsx(35,18): error TS2339: Property 'userAvatar' does not exist on type 'Message'.
src/components/Messages/MessageItem.tsx(36,29): error TS2339: Property 'userAvatar' does not exist on type 'Message'.
src/components/Messages/MessageItem.tsx(36,54): error TS2339: Property 'username' does not exist on type 'Message'.
src/components/Messages/MessageItem.tsx(39,22): error TS2339: Property 'username' does not exist on type 'Message'.
src/components/Messages/MessageItem.tsx(46,55): error TS2339: Property 'username' does not exist on type 'Message'.
src/components/Messages/MessageItem.tsx(48,51): error TS2551: Property 'createdAt' does not exist on type 'Message'. Did you mean 'created_at'?
src/components/Messages/MessageItem.tsx(50,20): error TS2339: Property 'isEdited' does not exist on type 'Message'.
src/components/Messages/MessageItem.tsx(55,18): error TS2339: Property 'reactions' does not exist on type 'Message'.
src/components/Messages/MessageItem.tsx(55,39): error TS2339: Property 'reactions' does not exist on type 'Message'.
src/components/Messages/MessageItem.tsx(57,32): error TS2339: Property 'reactions' does not exist on type 'Message'.
src/components/Messages/MessageList.tsx(2,33): error TS2307: Cannot find module '../../store/messageStore' or its corresponding type declarations.
src/components/Messages/MessageList.tsx(54,26): error TS7006: Parameter 'message' implicitly has an 'any' type.
src/components/Sidebar/CreateChannelModal.tsx(2,33): error TS2307: Cannot find module '../../store/channelStore' or its corresponding type declarations.
src/components/Sidebar/CreateChannelModal.tsx(89,34): error TS7006: Parameter 'channel' implicitly has an 'any' type.
src/hooks/useUserProfile.ts(40,28): error TS2304: Cannot find name 'UserProfile'.
src/hooks/useUserProfile.ts(71,30): error TS2304: Cannot find name 'UserProfile'.
src/hooks/useUserProfile.ts(86,29): error TS2304: Cannot find name 'UserProfile'.
src/hooks/useUserProfile.ts(106,52): error TS2304: Cannot find name 'UserProfile'.
